
> ng-magary-workspace@0.0.7 build:demo C:\Users\sebas\Documents\GitHub\magary
> ng build demo-app

node.exe : Node.js version v25.2.1 
detected.
En C:\Users\sebas\AppData\Roaming\npm\pnpm.
ps1: 24 Carácter: 5
+     & "node$exe"  
"$basedir/node_modules/pnpm/bin/pnpm.cjs" 
$args
+     ~~~~~~~~~~~~~~~~~~~~~~~~~~~~~~~~~~~~~
~~~~~~~~~~~~~~~~~~~~~~~~
    + CategoryInfo          : NotSpecified 
   : (Node.js version v25.2.1 detected.:S  
  tring) [], RemoteException
    + FullyQualifiedErrorId : NativeComman 
   dError
 
Odd numbered Node.js versions will not 
enter LTS status and should not be used 
for production. For more information, 
please see https://nodejs.org/en/about/prev
ious-releases/.
[33mÔØ»[39m Building...
[32mÔ£ö[39m Building...
Application bundle generation failed. [3.952 seconds] - 2025-12-12T05:23:26.934Z

[1m[31m[31mX 
[41;31m[[41;97mERROR[41;31m][0m 
[1mNG8001: 'magary-toast' is not a known 
element:
1. If 'magary-toast' is an Angular 
component, then verify that it is included 
in the '@Component.imports' of this 
component.
2. If 'magary-toast' is a Web Component 
then add 'CUSTOM_ELEMENTS_SCHEMA' to the 
'@Component.schemas' of this component to 
suppress this message.[0m 
[1m[35m[plugin angular-compiler][0m

    projects/demo-app/src/app/pages/Compone
nts/Menu/view-menubar/view-menubar.html:25:
8:
[37m      25 Ôöé         
[32m<magary-toast 
position="top-right">[37m</magary-toast>
         ÔòÁ         [32m~~~~~~~~~~~~~~~~~
~~~~~~~~~~~~~~~~~~[0m

  Error occurs in the template of 
component ViewMenubar.

    projects/demo-app/src/app/pages/Compone
nts/Menu/view-menubar/view-menubar.ts:22:15
:
[37m      22 Ôöé   templateUrl: 
[32m'./view-menubar.html'[37m,
         ÔòÁ                
[32m~~~~~~~~~~~~~~~~~~~~~[0m

[39m[22m
ÔÇëELIFECYCLEÔÇë Command failed with exit code 1.
